// Jest Snapshot v1, https://goo.gl/fbAQLP

exports[`<CartImage /> tests should be able to match with snapshot 1`] = `
<Image
  onError={[Function]}
  resizeMode="cover"
  source={
    {
      "testUri": "../../../src/assets/pizza.png",
    }
  }
  style={
    [
      {
        "borderRadius": 16,
        "height": 249,
        "width": 249,
      },
    ]
  }
/>
`;
