// Jest Snapshot v1, https://goo.gl/fbAQLP

exports[`<Avatar /> tests should be able to match with snapshot 1`] = `
<Image
  onError={[Function]}
  resizeMode="cover"
  source={
    {
      "testUri": "../../../src/assets/pizza.png",
    }
  }
  style={
    [
      {
        "borderColor": "#E83F5B",
        "borderRadius": 125,
        "borderWidth": 6,
        "height": 157,
        "width": 157,
      },
    ]
  }
/>
`;
