// Jest Snapshot v1, https://goo.gl/fbAQLP

exports[`<CartCard /> should be able to match with snapshot 1`] = `
<View
  style={
    [
      {
        "alignItems": "flex-start",
        "backgroundColor": "#FFFFFF",
        "borderColor": "rgba(0, 0, 0, 0.04)",
        "borderRadius": 16,
        "borderStyle": "solid",
        "borderWidth": 1,
        "flexDirection": "row",
        "marginBottom": 31,
        "paddingBottom": 24,
        "paddingLeft": 16,
        "paddingRight": 16,
        "paddingTop": 24,
        "shadowColor": "rgba(0, 0, 0, 0.12)",
        "shadowOffset": {
          "height": 1,
          "width": 0,
        },
        "shadowOpacity": 1,
        "shadowRadius": 8,
        "width": "100%",
      },
    ]
  }
>
  <View
    style={
      [
        {
          "height": 196,
          "marginRight": 16,
          "width": 196,
        },
      ]
    }
  >
    <Image
      onError={[Function]}
      resizeMode="cover"
      source={
        {
          "uri": "http://github.com/JohnDoe.png",
        }
      }
      style={
        [
          {
            "borderRadius": 16,
            "height": 249,
            "width": 249,
          },
          {
            "height": "100%",
            "width": "100%",
          },
        ]
      }
    />
    <View
      style={
        [
          {
            "alignItems": "center",
            "backgroundColor": "red",
            "borderRadius": 100,
            "bottom": 16,
            "height": 47,
            "justifyContent": "center",
            "position": "absolute",
            "right": 16,
            "width": 47,
          },
        ]
      }
    >
      <Text
        fontWeight="bold"
        style={
          [
            {
              "color": "#0D0D0D",
              "fontFamily": "Poppins_700Bold",
              "fontSize": 31,
            },
            {
              "color": "#FFFFFF",
              "fontSize": 24,
              "lineHeight": 29,
            },
          ]
        }
      >
        1
      </Text>
    </View>
  </View>
  <View
    style={
      [
        {
          "alignItems": "flex-start",
          "flexBasis": 0,
          "flexGrow": 1,
          "flexShrink": 1,
          "height": "90%",
          "justifyContent": "space-between",
        },
      ]
    }
  >
    <Text
      fontWeight="bold"
      style={
        [
          {
            "color": "#0D0D0D",
            "fontFamily": "Poppins_700Bold",
            "fontSize": 31,
          },
          {
            "fontSize": 35,
          },
        ]
      }
    >
      John Doe
    </Text>
    <Text
      fontWeight="regular"
      numberOfLines={3}
      style={
        [
          {
            "color": "#0D0D0D",
            "fontFamily": "Poppins_400Regular",
            "fontSize": 31,
          },
          {
            "fontSize": 24,
            "maxWidth": "100%",
          },
        ]
      }
    >
      Lorem ipsum dolor sit amet, consectetur adipisicing elit. Saepe rerum iure magni porro ipsum blanditiis consequatur, corrupti doloremque natus. Deserunt alias delectus nisi commodi maiores. Eligendi harum laborum excepturi possimus?
    </Text>
    <View
      style={
        [
          {
            "alignItems": "center",
            "flexDirection": "row",
            "gap": 31,
            "marginTop": 16,
            "width": "100%",
          },
        ]
      }
    >
      <Text
        style={
          [
            {
              "color": "#0D0D0D",
              "fontFamily": "Poppins_400Regular",
              "fontSize": 31,
            },
            {},
          ]
        }
      >
        $
        20.00
      </Text>
      <View
        style={
          [
            {
              "alignItems": "center",
              "flexDirection": "row",
              "gap": 16,
              "justifyContent": "center",
            },
          ]
        }
      >
        <RNGestureHandlerButton
          activeOpacity={0.8}
          borderless={true}
          collapsable={false}
          delayLongPress={600}
          handlerTag={36}
          handlerType="NativeViewGestureHandler"
          onActiveStateChange={[Function]}
          onGestureEvent={[Function]}
          onGestureHandlerEvent={[Function]}
          onGestureHandlerStateChange={[Function]}
          onHandlerStateChange={[Function]}
          onPress={[Function]}
          style={
            {
              "alignItems": "center",
              "backgroundColor": "#FE8C00",
              "borderRadius": 31,
              "height": 63,
              "justifyContent": "center",
              "opacity": 1,
              "width": 63,
            }
          }
          testID="DecrementCounterButtonID"
        >
          <Text
            allowFontScaling={false}
            selectable={false}
            style={
              [
                {
                  "color": undefined,
                  "fontSize": 12,
                },
                [
                  {
                    "color": "#FFFFFF",
                    "fontSize": 31,
                  },
                ],
                {
                  "fontFamily": "Feather",
                  "fontStyle": "normal",
                  "fontWeight": "normal",
                },
                {},
              ]
            }
          >
            
          </Text>
        </RNGestureHandlerButton>
        <RNGestureHandlerButton
          activeOpacity={0.8}
          borderless={true}
          collapsable={false}
          delayLongPress={600}
          handlerTag={37}
          handlerType="NativeViewGestureHandler"
          onActiveStateChange={[Function]}
          onGestureEvent={[Function]}
          onGestureHandlerEvent={[Function]}
          onGestureHandlerStateChange={[Function]}
          onHandlerStateChange={[Function]}
          onPress={[Function]}
          style={
            {
              "alignItems": "center",
              "backgroundColor": "#FE8C00",
              "borderRadius": 31,
              "height": 63,
              "justifyContent": "center",
              "opacity": 1,
              "width": 63,
            }
          }
          testID="IncrementCounterButtonID"
        >
          <Text
            allowFontScaling={false}
            selectable={false}
            style={
              [
                {
                  "color": undefined,
                  "fontSize": 12,
                },
                [
                  {
                    "color": "#FFFFFF",
                    "fontSize": 31,
                  },
                ],
                {
                  "fontFamily": "Feather",
                  "fontStyle": "normal",
                  "fontWeight": "normal",
                },
                {},
              ]
            }
          >
            
          </Text>
        </RNGestureHandlerButton>
        <RNGestureHandlerButton
          activeOpacity={0.8}
          borderless={true}
          collapsable={false}
          color="red"
          delayLongPress={600}
          handlerTag={38}
          handlerType="NativeViewGestureHandler"
          onActiveStateChange={[Function]}
          onGestureEvent={[Function]}
          onGestureHandlerEvent={[Function]}
          onGestureHandlerStateChange={[Function]}
          onHandlerStateChange={[Function]}
          onPress={
            [MockFunction] {
              "calls": [
                [],
              ],
              "results": [
                {
                  "type": "return",
                  "value": undefined,
                },
              ],
            }
          }
          style={
            {
              "alignItems": "center",
              "backgroundColor": "red",
              "borderRadius": 31,
              "height": 63,
              "justifyContent": "center",
              "opacity": 1,
              "width": 63,
            }
          }
          testID="DeleteCartButtonID"
        >
          <Text
            allowFontScaling={false}
            selectable={false}
            style={
              [
                {
                  "color": undefined,
                  "fontSize": 12,
                },
                [
                  {
                    "color": "#FFFFFF",
                    "fontSize": 31,
                  },
                ],
                {
                  "fontFamily": "Feather",
                  "fontStyle": "normal",
                  "fontWeight": "normal",
                },
                {},
              ]
            }
          >
            
          </Text>
        </RNGestureHandlerButton>
      </View>
    </View>
  </View>
</View>
`;
