// Jest Snapshot v1, https://goo.gl/fbAQLP

exports[`Counter tests should match with snapshot 1`] = `
<View
  style={
    [
      {
        "alignItems": "center",
        "backgroundColor": "#FFF1E5",
        "borderRadius": 51,
        "flexDirection": "row",
        "justifyContent": "space-between",
        "paddingBottom": 8,
        "paddingLeft": 8,
        "paddingRight": 8,
        "paddingTop": 8,
        "width": 255,
      },
    ]
  }
>
  <RNGestureHandlerButton
    activeOpacity={0.8}
    borderless={true}
    collapsable={false}
    delayLongPress={600}
    handlerTag={7}
    handlerType="NativeViewGestureHandler"
    onActiveStateChange={[Function]}
    onGestureEvent={[Function]}
    onGestureHandlerEvent={[Function]}
    onGestureHandlerStateChange={[Function]}
    onHandlerStateChange={[Function]}
    onPress={[Function]}
    style={
      {
        "alignItems": "center",
        "backgroundColor": "#FE8C00",
        "borderRadius": 31,
        "height": 63,
        "justifyContent": "center",
        "opacity": 1,
        "width": 63,
      }
    }
    testID="DecrementButtonID"
  >
    <Text
      allowFontScaling={false}
      selectable={false}
      style={
        [
          {
            "color": undefined,
            "fontSize": 12,
          },
          [
            {
              "color": "#FFFFFF",
              "fontSize": 31,
            },
          ],
          {
            "fontFamily": "Feather",
            "fontStyle": "normal",
            "fontWeight": "normal",
          },
          {},
        ]
      }
    >
      
    </Text>
  </RNGestureHandlerButton>
  <Text
    style={
      [
        {
          "color": "#0D0D0D",
          "fontFamily": "Poppins_400Regular",
          "fontSize": 31,
        },
        {
          "color": "#0D0D0D",
          "fontSize": 47,
        },
      ]
    }
  >
    1
  </Text>
  <RNGestureHandlerButton
    activeOpacity={0.8}
    borderless={true}
    collapsable={false}
    delayLongPress={600}
    handlerTag={8}
    handlerType="NativeViewGestureHandler"
    onActiveStateChange={[Function]}
    onGestureEvent={[Function]}
    onGestureHandlerEvent={[Function]}
    onGestureHandlerStateChange={[Function]}
    onHandlerStateChange={[Function]}
    onPress={[Function]}
    style={
      {
        "alignItems": "center",
        "backgroundColor": "#FE8C00",
        "borderRadius": 31,
        "height": 63,
        "justifyContent": "center",
        "opacity": 1,
        "width": 63,
      }
    }
    testID="IncrementButtonID"
  >
    <Text
      allowFontScaling={false}
      selectable={false}
      style={
        [
          {
            "color": undefined,
            "fontSize": 12,
          },
          [
            {
              "color": "#FFFFFF",
              "fontSize": 31,
            },
          ],
          {
            "fontFamily": "Feather",
            "fontStyle": "normal",
            "fontWeight": "normal",
          },
          {},
        ]
      }
    >
      
    </Text>
  </RNGestureHandlerButton>
</View>
`;
